// Jest Snapshot v1, https://goo.gl/fbAQLP

exports[`HButton renders correctly 1`] = `
<View
  collapsable={undefined}
  style={
    Object {
      "alignSelf": "center",
      "height": 85.25,
      "opacity": 0,
      "transform": Array [
        Object {
          "scale": 0.3,
        },
      ],
      "width": 85.25,
    }
  }
>
  <View
    accessibilityComponentType={undefined}
    accessibilityLabel={undefined}
    accessibilityTraits={undefined}
    accessible={true}
    collapsable={undefined}
    hasTVPreferredFocus={undefined}
    hitSlop={undefined}
    isTVSelectable={true}
    nativeID={undefined}
    onLayout={undefined}
    onResponderGrant={[Function]}
    onResponderMove={[Function]}
    onResponderRelease={[Function]}
    onResponderTerminate={[Function]}
    onResponderTerminationRequest={[Function]}
    onStartShouldSetResponder={[Function]}
    style={
      Object {
        "alignItems": "center",
        "backgroundColor": "#FF9600",
        "borderRadius": 30.625,
        "height": 61.25,
        "justifyContent": "center",
        "left": 12,
        "opacity": 1,
        "position": "absolute",
        "top": 12,
        "width": 61.25,
        "zIndex": 4,
      }
    }
    testID={undefined}
    tvParallaxProperties={undefined}
  >
    <View
      onLayout={[Function]}
      style={
        Object {
          "height": 45.25,
          "width": 45.25,
        }
      }
    >
      <Image
        containerStyle={
          Object {
            "height": 45.25,
            "width": 45.25,
          }
        }
        source={1}
        style={
          Array [
            undefined,
            Object {
              "height": 0,
              "width": 0,
            },
          ]
        }
      />
    </View>
  </View>
  <View
    style={
      Array [
        Object {
          "borderRadius": 32.625,
          "borderWidth": 1,
          "height": 65.25,
          "left": 10,
          "position": "absolute",
          "top": 10,
          "width": 65.25,
          "zIndex": 3,
        },
        Object {
          "borderColor": "#FF9600",
        },
      ]
    }
  />
</View>
`;
