// Jest Snapshot v1, https://goo.gl/fbAQLP

exports[`HChapter renders correctly 1`] = `
<HChapter
  cancelAnimationFrame={[Function]}
  clearImmediate={[Function]}
  clearInterval={[Function]}
  clearTimeout={[Function]}
  completed={false}
  lowerTitle="LTitle"
  requestAnimationFrame={[Function]}
  scrollable={true}
  setImmediate={[Function]}
  setInterval={[Function]}
  setTimeout={[Function]}
  showTitleBanner={true}
  titleImage={1}
  upperTitle="UTitle"
/>
`;
