// Jest Snapshot v1, https://goo.gl/fbAQLP

exports[`HText renders correctly 1`] = `
<Text
  accessible={true}
  allowFontScaling={true}
  ellipsizeMode="tail"
  style={
    Array [
      Object {
        "backgroundColor": "transparent",
        "color": "black",
        "fontSize": 17.05,
        "fontWeight": "400",
      },
      Object {
        "fontFamily": "System",
        "lineHeight": 23.25,
      },
      Object {},
    ]
  }
  type="default"
>
  Some text
</Text>
`;
