// Jest Snapshot v1, https://goo.gl/fbAQLP

exports[`HButton renders correctly 1`] = `
<Modal
  animationType="fade"
  hardwareAccelerated={false}
  onRequestClose={[Function]}
  transparent={true}
  visible={false}
>
  <View
    style={
      Object {
        "alignItems": "center",
        "backgroundColor": "#000d",
        "flex": 1,
        "justifyContent": "center",
      }
    }
  >
    <View
      style={
        Object {
          "backgroundColor": "#fffc",
          "borderRadius": 7.75,
          "maxWidth": 660,
        }
      }
    >
      <Text
        accessible={true}
        allowFontScaling={true}
        ellipsizeMode="tail"
        style={
          Array [
            Object {
              "backgroundColor": "transparent",
              "color": "black",
              "fontSize": 17.05,
              "fontWeight": "400",
            },
            Object {
              "fontFamily": "System",
              "lineHeight": 23.25,
            },
            Object {
              "fontSize": 20.150000000000002,
              "fontWeight": "600",
              "marginBottom": 23.25,
              "marginTop": 31,
              "paddingHorizontal": 15.5,
              "textAlign": "center",
            },
          ]
        }
        type="default"
      >
        Cheap marketing gimmick
      </Text>
      <Text
        accessible={true}
        allowFontScaling={true}
        ellipsizeMode="tail"
        style={
          Array [
            Object {
              "backgroundColor": "transparent",
              "color": "black",
              "fontSize": 17.05,
              "fontWeight": "400",
            },
            Object {
              "fontFamily": "System",
              "lineHeight": 23.25,
            },
            Object {
              "marginBottom": 23.25,
              "paddingHorizontal": 23.25,
              "textAlign": "center",
            },
          ]
        }
        type="default"
      >
        This is not a part of the game, but maybe you want to tell the world about Hydropuzzle?
      </Text>
      <View
        style={
          Object {
            "borderColor": "#999",
            "borderTopWidth": 1,
            "flexDirection": "row",
            "justifyContent": "space-around",
          }
        }
      >
        <View
          accessibilityComponentType={undefined}
          accessibilityLabel={undefined}
          accessibilityTraits={undefined}
          accessible={true}
          collapsable={undefined}
          hasTVPreferredFocus={undefined}
          hitSlop={undefined}
          isTVSelectable={true}
          nativeID={undefined}
          onLayout={undefined}
          onResponderGrant={[Function]}
          onResponderMove={[Function]}
          onResponderRelease={[Function]}
          onResponderTerminate={[Function]}
          onResponderTerminationRequest={[Function]}
          onStartShouldSetResponder={[Function]}
          style={
            Object {
              "opacity": 1,
            }
          }
          testID={undefined}
          tvParallaxProperties={undefined}
        >
          <Text
            accessible={true}
            allowFontScaling={true}
            ellipsizeMode="tail"
            style={
              Array [
                Object {
                  "backgroundColor": "transparent",
                  "color": "black",
                  "fontSize": 17.05,
                  "fontWeight": "400",
                },
                Object {
                  "fontFamily": "System",
                  "lineHeight": 23.25,
                },
                Object {
                  "color": "#418de3",
                  "fontSize": 18.599999999999998,
                  "fontWeight": "500",
                  "paddingVertical": 19.375,
                  "textAlign": "center",
                  "width": 300,
                },
              ]
            }
            type="default"
          >
            YES
          </Text>
        </View>
        <View
          style={
            Object {
              "backgroundColor": "#999",
              "width": 1,
            }
          }
        />
        <View
          accessibilityComponentType={undefined}
          accessibilityLabel={undefined}
          accessibilityTraits={undefined}
          accessible={true}
          collapsable={undefined}
          hasTVPreferredFocus={undefined}
          hitSlop={undefined}
          isTVSelectable={true}
          nativeID={undefined}
          onLayout={undefined}
          onResponderGrant={[Function]}
          onResponderMove={[Function]}
          onResponderRelease={[Function]}
          onResponderTerminate={[Function]}
          onResponderTerminationRequest={[Function]}
          onStartShouldSetResponder={[Function]}
          style={
            Object {
              "opacity": 1,
            }
          }
          testID={undefined}
          tvParallaxProperties={undefined}
        >
          <Text
            accessible={true}
            allowFontScaling={true}
            ellipsizeMode="tail"
            style={
              Array [
                Object {
                  "backgroundColor": "transparent",
                  "color": "black",
                  "fontSize": 17.05,
                  "fontWeight": "400",
                },
                Object {
                  "fontFamily": "System",
                  "lineHeight": 23.25,
                },
                Object {
                  "color": "#418de3",
                  "fontSize": 18.599999999999998,
                  "fontWeight": "500",
                  "paddingVertical": 19.375,
                  "textAlign": "center",
                  "width": 300,
                },
              ]
            }
            type="default"
          >
            NO
          </Text>
        </View>
      </View>
    </View>
  </View>
</Modal>
`;
